SQL> 
SQL> create or replace
  2  procedure example_01
  3  is
  4  begin
  5  	 pllog.log('severe',1);
  6  	 pllog.log('warning',2);
  7  	 pllog.log('undefined',3);
  8  	 pllog.log('info',4);
  9  	 pllog.log('verbose',6);
 10  	 pllog.log('debug',7);
 11  	 pllog.log('trace',9);
 12  end;
 13  /

Procedure created.

SQL> 
SQL> create or replace
  2  procedure example_04
  3  is
  4  	 token varchar(32);
  5  begin
  6  	 pllog.log('begins',4,$$PLS_UNIT,$$PLS_LINE);
  7  	 for lvl in 1 .. 9
  8  	 loop
  9  	     pllog.log('lvl is ' || lvl,lvl,$$PLSQL_UNIT,$$PLSQL_LINE);
 10  	 end loop;
 11  end;
 12  /

Procedure created.

SQL> 
SQL> create or replace
  2  procedure example_05
  3  begin
  4  	 pllog.log('begins',4,$$PLS_UNIT,$$PLS_LINE);
  5  	 for lvl in 1 .. 9
  6  	 loop
  7  	     pllog.log('lvl is ' || lvl,lvl,$$PLSQL_UNIT,$$PLSQL_LINE);
  8  	 end loop;
  9  	 pllog.end_job;
 10  end;
 11  /

Warning: Procedure created with compilation errors.

SQL> --#<
SQL> declare
  2  	 token varchar(32);
  3  	 logname := to_char(job_log_id_seq.nextval) || '.log';
  4  begin
  5  	pllog.begin_log(p_log_name => logname p_log_level      => 3);
  6  	example_01;
  7  	example_04;
  8  	example_05;
  9  end;
 10  /
    logname := to_char(job_log_id_seq.nextval) || '.log';
            *
ERROR at line 3:
ORA-06550: line 3, column 13: 
PLS-00103: Encountered the symbol "=" when expecting one of the following: 
constant exception <an identifier> 
<a double-quoted delimited-identifier> table columns long 
double ref char time timestamp interval date binary national 
character nchar 
The symbol "<an identifier>" was substituted for "=" to continue. 
ORA-06550: line 5, column 42: 
PLS-00103: Encountered the symbol "P_LOG_LEVEL" when expecting one of the 
following: 
. ( ) , * @ % & = - + < / > at in is mod remainder not rem 
<an exponent (**)> <> or != or ~= >= <= <> and or like like2 
like4 likec between || multiset member submultiset 
The symbol "(" was substituted for "P_LOG_LEVEL" to continue. 
ORA-06550: line 5, column 64: 
PLS-00103: Encountered the symbol ";" when expecting one of the following: 
. ( ) , * % & = - + < / > at in is mod remainder not rem 
<an exponent (**)> <> or != or ~= >= <= <> and or like like2 
like4 likec between || multiset member submultiset 
The symbol ")" was substituted for ";" to continue. 


SQL> jjjjjjjjjjjjjjjj
SP2-0734: unknown command beginning "jjjjjjjjjj..." - rest of line ignored.
SQL> exit
