SQL> --#>
SQL> create sequence logger_settings_id_seq;
create sequence logger_settings_id_seq
                *
ERROR at line 1:
ORA-00955: name is already used by an existing object 


SQL> 
SQL> create table logger_settings (
  2  	 logger_settings_id number(9),
  3  	 logger_token		 varchar(64),
  4  	 process_name	      varchar(128),
  5  	 classname	      varchar(255),
  6  	 thread_name	      varchar(128),
  7  	 module_name	      varchar(64),
  8  	 status_msg	      varchar(256),
  9  	 trace_level	      number(2),
 10  	 directory_name       varchar(128),
 11  	 logfile_name	      varchar(64),
 12  	 abort_stacktrace     clob,
 13  	 log_level	      number(1),
 14  	 msg_lvl	      number(1),
 15  	 constraint logger_settings_pk primary key (logger_settings_id)
 16  	);

Table created.

SQL> 
SQL> create sequence job_log_id_seq;
create sequence job_log_id_seq
                *
ERROR at line 1:
ORA-00955: name is already used by an existing object 


SQL> 
SQL> create table job_log (
  2  	 job_log_id number(9),
  3  	 job_token	      varchar(64),
  4  	 process_name	      varchar(128),
  5  	 thread_name	      varchar(128),
  6  	 module_name	      varchar(64),
  7  	 status_msg	      varchar(256),
  8  	 start_ts		  timestamp(9),
  9  	 end_ts 	      timestamp(9),
 10  	 elapsed_millis       number(9),
 11  	 ignore_flg	      varchar(1) default 'N' not null,
 12  	 classname	      varchar(255),
 13  	 trace_level	      number(2),
 14  	 abort_stacktrace     clob,
 15  	 msg_lvl	      number(1),
 16  	 check ( ignore_flg in ('Y', 'N')) ,
 17  	 constraint job_log_pk primary key (job_log_id)
 18  	);
create table job_log (
             *
ERROR at line 1:
ORA-00955: name is already used by an existing object 


SQL> 
SQL> create sequence job_step_id_seq;
create sequence job_step_id_seq
                *
ERROR at line 1:
ORA-00955: name is already used by an existing object 


SQL> 
SQL> alter table job_log add constraint job_log_token_uq unique (job_token);
alter table job_log add constraint job_log_token_uq unique (job_token)
                                                    *
ERROR at line 1:
ORA-02261: such unique or primary key already exists in the table 


SQL> 
SQL> create table job_step (
  2  	 job_step_id		 number(9),
  3  	 job_log_id		 number(9),
  4  	 step_name		 varchar(64),
  5  	 classname		 varchar(256),
  6  	 step_info		 varchar(2000),
  7  	 start_ts		 timestamp(9),
  8  	 end_ts 		 timestamp(9),
  9  	 tracefile_name       varchar(255),
 10  	 --cursor_info_run_id	   number(9) references cursor_info_run,
 11  	 stacktrace		 varchar(4000),
 12  	 sid			 number(8),
 13  	 serial#		 number(8),
 14  	 instance_name		  varchar(16),
 15  	 constraint job_step_pk primary key (job_step_id),
 16  	 constraint step_status_fk
 17  	     foreign key (job_log_id) references job_log
 18  );
create table job_step (
             *
ERROR at line 1:
ORA-00955: name is already used by an existing object 


SQL> 
SQL> create table job_step_tracefile (
  2  	 job_step_id		 number(9) primary key,
  3  	 tracefile_data 	 clob
  4  	 );
create table job_step_tracefile (
             *
ERROR at line 1:
ORA-00955: name is already used by an existing object 


SQL> 
SQL> alter table job_step_tracefile
  2  add constraint jst_js_fk
  3  foreign key (job_step_id) references job_step;
foreign key (job_step_id) references job_step
*
ERROR at line 3:
ORA-02275: such a referential constraint already exists in the table 


SQL> 
SQL> create table job_step_tracefile_json (
  2  	 job_step_id		 number(9) primary key,
  3  	 tracefile_jsoh 	 clob
  4  	 );
create table job_step_tracefile_json (
             *
ERROR at line 1:
ORA-00955: name is already used by an existing object 


SQL> 
SQL> alter table job_step_tracefile_json
  2  add constraint jstj_js_fk
  3  foreign key (job_step_id) references job_step;
foreign key (job_step_id) references job_step
*
ERROR at line 3:
ORA-02275: such a referential constraint already exists in the table 


SQL> 
SQL> create sequence job_msg_id_seq;
create sequence job_msg_id_seq
            quence job_msg_id_seq;
create sequence job_msg_id_seq
                *
ERROR at line 1:
ORA-00955: name is already used by an existing object 


SQL> 
SQL> create table job_msg (
  2  	 job_msg_id	   number(9) not null,
  3  	 job_log_id	   number(9) not null,
  4  	 job_step_id	   number(9),
  5  	 log_msg_id	       varchar2(8) not null,
  6  	 log_msg	       varchar2(256),
  7  	 log_msg_clob	   clob,
  8  	 log_msg_ts	       timestamp (9),
  9  	 elapsed_time_milliseconds number(9),
 10  	 log_seq_nbr	       number(18,0) not null,
 11  	 caller_name	   varchar2(100),
 12  	 line_nbr	       number(5,0),
 13  	 call_stack	       clob,
 14  	 log_level	       number(2,0),
 15  	 constraint job_msg_pk primary key (job_log_id, log_seq_nbr)
 16  );
create table job_msg (
             *
ERROR at line 1:
ORA-00955: name is already used by an existing object 


SQL> 
SQL> 
SQL> alter table job_msg
  2  add constraint job_msg_job_log_fk
  3  foreign key (job_log_id)
  4  references job_log(job_log_id);
foreign key (job_log_id)
*
ERROR at line 3:
ORA-02275: such a referential constraint already exists in the table 


SQL> 
SQL> alter table job_msg
  2  add constraint job_fk
  3  foreign key (job_step_id)
  4  references job_step(job_step_id);
foreign key (job_step_id)
*
ERROR at line 3:
ORA-02275: such a referential constraint already exists in the table 


SQL> 
SQL> create or replace view job_step_vw as
  2  select
  3  	 job_step_id,
  4  	 job_log_id,
  5  	     step_name,
  6  	     classname ,
  7  	     step_info,
  8  	 start_ts,
  9  	 end_ts ,
 10  	 end_ts - start_ts elapsed_millis
 11  from job_step;

View created.

SQL> 
SQL> create or replace view job_log_vw as
  2  select
  3  	job_log_id,
  4  	process_name,
  5  	thread_name,
  6  	status_msg,
  7  	status_ts,
  8  	end_ts,
  9  	ignore_flg,
 10  	module_name,
 11  	classname,
 12  	end_ts - status_ts elapsed_millis
 13  from job_log;
   end_ts - status_ts elapsed_millis
            *
ERROR at line 12:
ORA-00904: "STATUS_TS": invalid identifier 


SQL> 
SQL> select * from user_errors where name = 'LOGGER';

no rows selected

SQL> edit
Wrote file afiedt.buf

  1* select * from user_errors where name = 'JOBLOG'
SQL> r
  1* select * from user_errors where name = 'JOBLOG'

NAME                                                                            
--------------------------------------------------------------------------------
TYPE                  SEQUENCE       LINE   POSITION                            
------------------- ---------- ---------- ----------                            
TEXT                                                                            
--------------------------------------------------------------------------------
ATTRIBUTE MESSAGE_NUMBER                                                        
--------- --------------                                                        
JOBLOG                                                                          
PACKAGE BODY                 1         20         25                            
PL/SQL: ORA-00904: "STATUS_TS": invalid identifier                              
ERROR                  0                                                        
                                                                                

NAME                                                                            
--------------------------------------------------------------------------------
TYPE                  SEQUENCE       LINE   POSITION                            
------------------- ---------- ---------- ----------                            
TEXT                                                                            
--------------------------------------------------------------------------------
ATTRIBUTE MESSAGE_NUMBER                                                        
--------- --------------                                                        
JOBLOG                                                                          
PACKAGE BODY                 2         17          9                            
PL/SQL: SQL Statement ignored                                                   
ERROR                  0                                                        
                                                                                

NAME                                                                            
--------------------------------------------------------------------------------
TYPE                  SEQUENCE       LINE   POSITION                            
------------------- ---------- ---------- ----------                            
TEXT                                                                            
--------------------------------------------------------------------------------
ATTRIBUTE MESSAGE_NUMBER                                                        
--------- --------------                                                        
JOBLOG                                                                          
PACKAGE BODY                 3         81         15                            
PL/SQL: ORA-00904: "STATUS_TS": invalid identifier                              
ERROR                  0                                                        
                                                                                

NAME                                                                            
--------------------------------------------------------------------------------
TYPE                  SEQUENCE       LINE   POSITION                            
------------------- ---------- ---------- ----------                            
TEXT                                                                            
--------------------------------------------------------------------------------
ATTRIBUTE MESSAGE_NUMBER                                                        
--------- --------------                                                        
JOBLOG                                                                          
PACKAGE BODY                 4         78          8                            
PL/SQL: SQL Statement ignored                                                   
ERROR                  0                                                        
                                                                                

NAME                                                                            
--------------------------------------------------------------------------------
TYPE                  SEQUENCE       LINE   POSITION                            
------------------- ---------- ---------- ----------                            
TEXT                                                                            
--------------------------------------------------------------------------------
ATTRIBUTE MESSAGE_NUMBER                                                        
--------- --------------                                                        
JOBLOG                                                                          
PACKAGE BODY                 5        100         11                            
PL/SQL: ORA-00904: "STATUS_TS": invalid identifier                              
ERROR                  0                                                        
                                                                                

NAME                                                                            
--------------------------------------------------------------------------------
TYPE                  SEQUENCE       LINE   POSITION                            
------------------- ---------- ---------- ----------                            
TEXT                                                                            
--------------------------------------------------------------------------------
ATTRIBUTE MESSAGE_NUMBER                                                        
--------- --------------                                                        
JOBLO